// Jest Snapshot v1, https://goo.gl/fbAQLP

exports[`The AdvertisingProvider component componentDidUpdate uses an AdvertisingContext.Provider to pass the activate method of the advertising module 1`] = `
Object {
  "activate": [Function],
  "active": true,
}
`;

exports[`The AdvertisingProvider component renders correctly 1`] = `
<div
  id="advertising-context-provider"
>
  <h1>
    hello
  </h1>
</div>
`;

exports[`The AdvertisingProvider component when mounted uses an AdvertisingContext.Provider to pass the activate method of the advertising module 1`] = `
Object {
  "activate": [Function],
  "active": true,
}
`;
