// Jest Snapshot v1, https://goo.gl/fbAQLP

exports[`The advertising slot component renders correctly 1`] = `
<div
  className="my-class"
  id="my-id"
  style={
    Object {
      "color": "hotpink",
    }
  }
>
  <h1>
    hello
  </h1>
</div>
`;
